[g2.alipay.com/index.html]
[backblue.gif]
[fade.gif]
[index.html]
[os.alipayobjects.com/rmsportal/VuIJNnUTtJpfuej.png]
[os.alipayobjects.com/rmsportal/PBJkVCMxFjrRGEl.png]
[as.alipayobjects.com/g/datavis/g2-static/0.0.6/style.css]
[as.alipayobjects.com/g/datavis/g2-static/0.0.6/codemirror.css]
[a.alipayobjects.com/jquery/jquery/1.11.1/jquery.js]
[g.alicdn.com/bui/bui/1.1.17/config.js]
[g.alicdn.com/bui/index1d21.html]
[as.alipayobjects.com/g/datavis/g2-static/0.0.6/script.js]
[g2.alipay.com/start/index.html]
[g2.alipay.com/start/get-started.html]
[g2.alipay.com/tutorial/index.html]
[g2.alipay.com/api/index.html]
[g2.alipay.com/download/index.html]
[g2.alipay.com/demo/index.html]
[as.alipayobjects.com/g/datavis/g2-static/0.0.6/prettify-min.js]
[g2.alipay.com/about/index.html]
[as.alipayobjects.com/g/datavis/g2-static/0.0.6/jquery.fullpage.min.js]
[as.alipayobjects.com/g/datavis/g2-static/0.0.6/effective.js]
[g2.alipay.com/index.html]
[as.alipayobjects.com/g/datavis/g2-static/0.0.6/style.css]
[as.alipayobjects.com/g/datavis/g2-static/0.0.6/codemirror.css]
[a.alipayobjects.com/jquery/jquery/1.11.1/jquery.js]
[as.alipayobjects.com/g/datavis/g2-static/0.0.6/script.js]
[os.alipayobjects.com/rmsportal/nAStiIiXOkhKVdi.svg]
[g2.alipay.com/start/index-2.html]
[as.alipayobjects.com/g/datavis/g2/1.2.1/index.js]
[t.alipayobjects.com/images/T1eW8oXe8eXXXXXXXX.png]
[t.alipayobjects.com/images/T1URpoXeleXXXXXXXX.png]
[g2.alipay.com/demo/index-2.html]
[g2.alipay.com/tutorial/theme.html]
[g2.alipay.com/api/plugins.html]
[g2.alipay.com/start/index.html]
[as.alipayobjects.com/g/datavis/g2-static/0.0.6/nav-menu.js]
[g2.alipay.com/tutorial/index-2.html]
[g2.alipay.com/tutorial/components.html]
[g2.alipay.com/tutorial/g2grammar.html]
[g2.alipay.com/tutorial/chart.html]
[g2.alipay.com/tutorial/data.html]
[g2.alipay.com/tutorial/scale.html]
[g2.alipay.com/tutorial/stat.html]
[g2.alipay.com/tutorial/attr.html]
[g2.alipay.com/tutorial/geom.html]
[g2.alipay.com/tutorial/coord.html]
[g2.alipay.com/tutorial/axis.html]
[g2.alipay.com/tutorial/legend.html]
[g2.alipay.com/tutorial/tooltip.html]
[g2.alipay.com/tutorial/guide.html]
[g2.alipay.com/tutorial/facet.html]
[g2.alipay.com/tutorial/global.html]
[g2.alipay.com/tutorial/index.html]
[g2.alipay.com/tutorial/flow.html]
[g2.alipay.com/api/index-2.html]
[g2.alipay.com/api/geom.html]
[g2.alipay.com/api/scale.html]
[g2.alipay.com/api/frame.html]
[g2.alipay.com/api/stat.html]
[g2.alipay.com/api/global.html]
[g2.alipay.com/api/theme.html]
[g2.alipay.com/api/util.html]
[g2.alipay.com/api/graphic.html]
[gtms03.alicdn.com/tps/i3/TB1nkqKGXXXXXccXVXXoGvmPFXX-480-360.jpg]
[g2.alipay.com/demo/02-line/line.html]
[as.alipayobjects.com/g/datavis/g2-static/0.0.6/demoImg/02-line/line.png]
[g2.alipay.com/demo/13-polar/polar-interval.html]
[as.alipayobjects.com/g/datavis/g2-static/0.0.6/demoImg/13-polar/polar-interval.png]
[g2.alipay.com/demo/13-polar/polar-box.html]
[as.alipayobjects.com/g/datavis/g2-static/0.0.6/demoImg/13-polar/polar-box.png]
[g2.alipay.com/demo/05-pie/pie-no-stat.html]
[as.alipayobjects.com/g/datavis/g2-static/0.0.6/demoImg/05-pie/pie-no-stat.png]
[g2.alipay.com/demo/10-map/world-albers.html]
[as.alipayobjects.com/g/datavis/g2-static/0.0.6/demoImg/10-map/world-albers.png]
[g2.alipay.com/api/index.html]
[g2.alipay.com/download/index-2.html]
[g2.alipay.com/download/index.html]
[g2.alipay.com/download/changelog.html]
[g2.alipay.com/demo/01-point/scatter.html]
[g2.alipay.com/demo/01-point/bubble.html]
[g2.alipay.com/demo/01-point/scatter-with-axis-range.html]
[g2.alipay.com/demo/01-point/custom-color.html]
[g2.alipay.com/demo/01-point/linear.html]
[g2.alipay.com/demo/01-point/one-dodge.html]
[g2.alipay.com/demo/01-point/one-jitter.html]
[g2.alipay.com/demo/01-point/two-jitter.html]
[g2.alipay.com/demo/01-point/cat-linear.html]
[g2.alipay.com/demo/02-line/path.html]
[g2.alipay.com/demo/02-line/step-line.html]
[g2.alipay.com/demo/02-line/line-smooth.html]
[g2.alipay.com/demo/02-line/line-dot.html]
[g2.alipay.com/demo/02-line/line-spline.html]
[g2.alipay.com/demo/03-area/area.html]
[g2.alipay.com/demo/03-area/area-stack.html]
[g2.alipay.com/demo/03-area/area-percent.html]
[g2.alipay.com/demo/03-area/area-smooth.html]
[g2.alipay.com/demo/03-area/area-range.html]
[g2.alipay.com/demo/03-area/area-range-line.html]
[g2.alipay.com/demo/03-area/area-gradient.html]
[g2.alipay.com/demo/03-area/area-null.html]
[g2.alipay.com/demo/03-area/area-with-negative.html]
[g2.alipay.com/demo/04-column/column.html]
[g2.alipay.com/demo/04-column/bar.html]
[g2.alipay.com/demo/04-column/column-dodge.html]
[g2.alipay.com/demo/04-column/column-stack.html]
[g2.alipay.com/demo/04-column/column-percent.html]
[g2.alipay.com/demo/04-column/bar-dodge.html]
[g2.alipay.com/demo/04-column/column-line.html]
[g2.alipay.com/demo/04-column/range-bar.html]
[g2.alipay.com/demo/04-column/bar-negative.html]
[g2.alipay.com/demo/04-column/tick.html]
[g2.alipay.com/demo/04-column/column-bullet.html]
[g2.alipay.com/demo/04-column/symmetric.html]
[g2.alipay.com/demo/05-pie/pie.html]
[g2.alipay.com/demo/05-pie/donut.html]
[g2.alipay.com/demo/05-pie/rose.html]
[g2.alipay.com/demo/05-pie/pie-half.html]
[g2.alipay.com/demo/05-pie/pie-proportion.html]
[g2.alipay.com/demo/05-pie/cascade.html]
[g2.alipay.com/demo/06-k/k-chart.html]
[g2.alipay.com/demo/07-funnel/funnel.html]
[g2.alipay.com/demo/07-funnel/funnel-mirror.html]
[g2.alipay.com/demo/07-funnel/pyramid.html]
[g2.alipay.com/demo/07-funnel/funnel-des.html]
[g2.alipay.com/demo/08-heatmap/heatmap.html]
[g2.alipay.com/demo/08-heatmap/subway.html]
[g2.alipay.com/demo/08-heatmap/stock-calendar.html]
[g2.alipay.com/demo/08-heatmap/image.html]
[g2.alipay.com/demo/08-heatmap/map-with-heatmap.html]
[g2.alipay.com/demo/09-treemap/one.html]
[g2.alipay.com/demo/09-treemap/children.html]
[g2.alipay.com/demo/09-treemap/mobile.html]
[g2.alipay.com/demo/09-treemap/mobile-children.html]
[g2.alipay.com/demo/09-treemap/polar.html]
[g2.alipay.com/demo/09-treemap/polar-slice-dice.html]
[g2.alipay.com/demo/09-treemap/polar-slice-transpose.html]
[g2.alipay.com/demo/09-treemap/wheel.html]
[g2.alipay.com/demo/10-map/china-map.html]
[g2.alipay.com/demo/10-map/choropleth-map.html]
[g2.alipay.com/demo/10-map/map-with-bubble.html]
[g2.alipay.com/demo/10-map/usa-map.html]
[g2.alipay.com/demo/10-map/world-map.html]
[g2.alipay.com/demo/10-map/china-albers.html]
[g2.alipay.com/demo/10-map/world-mercator.html]
[g2.alipay.com/demo/11-radar/radar.html]
[g2.alipay.com/demo/11-radar/radar-stacked-percent-area.html]
[g2.alipay.com/demo/11-radar/radar-line.html]
[g2.alipay.com/demo/11-radar/radar-multiple.html]
[g2.alipay.com/demo/12-gauges/dash-board.html]
[g2.alipay.com/demo/12-gauges/clock.html]
[g2.alipay.com/demo/12-gauges/clock-facet.html]
[g2.alipay.com/demo/13-polar/polar-mixture.html]
[g2.alipay.com/demo/13-polar/wind-rose.html]
[g2.alipay.com/demo/13-polar/pizza.html]
[g2.alipay.com/demo/13-polar/polar-custom.html]
[g2.alipay.com/demo/14-other/box-plot.html]
[g2.alipay.com/demo/14-other/chart-event.html]
[g2.alipay.com/demo/14-other/radial-bar.html]
[g2.alipay.com/demo/14-other/double-axis.html]
[g2.alipay.com/demo/14-other/his.html]
[g2.alipay.com/demo/14-other/hot-hex.html]
[g2.alipay.com/demo/14-other/mi.html]
[g2.alipay.com/demo/14-other/multiple.html]
[g2.alipay.com/demo/14-other/contour.html]
[g2.alipay.com/demo/14-other/stem-leaf.html]
[g2.alipay.com/demo/14-other/text-lable.html]
[g2.alipay.com/demo/14-other/waterfall.html]
[g2.alipay.com/demo/14-other/regressioncurve.html]
[g2.alipay.com/demo/14-other/distributioncurve.html]
[g2.alipay.com/demo/15-facet/rect.html]
[g2.alipay.com/demo/15-facet/circle.html]
[g2.alipay.com/demo/15-facet/row.html]
[g2.alipay.com/demo/15-facet/column.html]
[g2.alipay.com/demo/15-facet/list.html]
[g2.alipay.com/demo/15-facet/tree-column.html]
[g2.alipay.com/demo/15-facet/tree-dot.html]
[g2.alipay.com/demo/15-facet/tree-m.html]
[g2.alipay.com/demo/15-facet/tree-pie.html]
[g2.alipay.com/demo/15-facet/mirror-transpose.html]
[g2.alipay.com/demo/15-facet/mirror.html]
[g2.alipay.com/demo/16-stat/min.html]
[g2.alipay.com/demo/16-stat/max.html]
[g2.alipay.com/demo/16-stat/sum.html]
[g2.alipay.com/demo/16-stat/range.html]
[g2.alipay.com/demo/16-stat/mean.html]
[g2.alipay.com/demo/16-stat/median.html]
[g2.alipay.com/demo/16-stat/sd.html]
[g2.alipay.com/demo/16-stat/mode.html]
[g2.alipay.com/demo/16-stat/count.html]
[g2.alipay.com/demo/16-stat/proportion.html]
[g2.alipay.com/demo/16-stat/percent.html]
[g2.alipay.com/demo/16-stat/accumulate.html]
[g2.alipay.com/demo/16-stat/bin-dot.html]
[g2.alipay.com/demo/16-stat/bin-hex.html]
[g2.alipay.com/demo/16-stat/bin-rect.html]
[g2.alipay.com/demo/16-stat/bin-quan.html]
[g2.alipay.com/demo/16-stat/smooth.html]
[g2.alipay.com/demo/16-stat/smooth-two.html]
[g2.alipay.com/demo/16-stat/smooth-cubic.html]
[g2.alipay.com/demo/16-stat/smooth-exp.html]
[g2.alipay.com/demo/16-stat/smooth-loess.html]
[g2.alipay.com/demo/16-stat/loess.html]
[g2.alipay.com/demo/16-stat/density-kernel.html]
[g2.alipay.com/demo/16-stat/density.html]
[g2.alipay.com/demo/16-stat/density-normal.html]
[g2.alipay.com/demo/16-stat/spread-range.html]
[g2.alipay.com/demo/16-stat/spread-sd.html]
[as.alipayobjects.com/g/datavis/g2-static/0.0.6/jquery.lazyload.js]
[g2.alipay.com/demo/index.html]
[os.alipayobjects.com/rmsportal/nbvqDjRaAhkxDmz.png]
[os.alipayobjects.com/rmsportal/rqbItkiZdYHjqhW.png]
[os.alipayobjects.com/rmsportal/MlEiDtwPFuTixXu.jpg]
[os.alipayobjects.com/rmsportal/wPDrLlZLEHKfarB.jpg]
[os.alipayobjects.com/rmsportal/NmkxCCqeYIsfJui.jpg]
[os.alipayobjects.com/rmsportal/ooZesNUlbKgETPY.jpg]
[os.alipayobjects.com/rmsportal/zeCshyhkmuTYiZZ.jpg]
[os.alipayobjects.com/rmsportal/hgesdKeIQDKfXGv.jpg]
[os.alipayobjects.com/rmsportal/TwXxUwLHvvhveIz.jpg]
[t.alipayobjects.com/images/T1q7XoXbBbXXXXXXXX.png]
[os.alipayobjects.com/rmsportal/CcFeLxXurbQmwrT.jpg]
[g2.alipay.com/about/index.html]
[os.alipayobjects.com/rmsportal/KxbxoJJFGRsRCIz.svg]
[os.alipayobjects.com/rmsportal/gfygkKqgovgcIBU.svg]
[g2.alipay.com/start/get-started.html]
[os.alipayobjects.com/rmsportal/iHOCPrVSYAhCEFm.svg]
[os.alipayobjects.com/rmsportal/MSICbkAocsJIpcl.svg]
[os.alipayobjects.com/rmsportal/nxDAQajTFFjwRVj.svg]
[os.alipayobjects.com/rmsportal/iZbWkpnBOXmxJWG.svg]
[os.alipayobjects.com/rmsportal/qNmMVepoYnlYAzu.svg]
[as.alipayobjects.com/g/datavis/g2-static/0.0.6/prettify-min.js]
[as.alipayobjects.com/g/datavis/g2-static/0.0.6/jquery.fullpage.min.js]
[as.alipayobjects.com/g/datavis/g2-static/0.0.6/home.js]
[as.alipayobjects.com/g/datavis/g2-static/0.0.6/effective.js]
[os.alipayobjects.com/rmsportal/fCENEAfUyVZbwIv.svg]
[os.alipayobjects.com/rmsportal/OEljXCGKLZYdrHt.svg]
[os.alipayobjects.com/rmsportal/XMJdLQQckYChAMB.svg]
[os.alipayobjects.com/rmsportal/ZIPlaKKYFLofLLe.svg]
[os.alipayobjects.com/rmsportal/gmnGENcOpUKKJyf.svg]
[at.alicdn.com/t/font_1463369152_109894.svg]
[os.alipayobjects.com/rmsportal/jksghDZQLiWUzul.svg]
[os.alipayobjects.com/rmsportal/QngGnUlnfUdHiTv.svg]
[os.alipayobjects.com/rmsportal/dMhJnQDAFfxGNKz.svg]
[os.alipayobjects.com/rmsportal/RsVFyqNWfRdOCzy.svg]
[os.alipayobjects.com/rmsportal/ZJfgypZgKRFmMAI.svg]
[os.alipayobjects.com/rmsportal/emcDhGombVRRJig.svg]
[os.alipayobjects.com/rmsportal/HTSRngxlMAHDCHw.svg]
[as.alipayobjects.com/g/datavis/g2-static/0.0.6/prettify-min.css]
[g2.alipay.com/start/index-2.html]
[as.alipayobjects.com/g/datavis/g2/1.2.1/index.js]
[g2.alipay.com/demo/index-2.html]
[a.alipayobjects.com/alipay-request/3.0.3/index.js]
[os.alipayobjects.com/rmsportal/GFfAqpAZvAUvpfS.png]
[os.alipayobjects.com/rmsportal/TjzRXZQiIgbyQMm.png]
[os.alipayobjects.com/rmsportal/tyJVmHNIJyWkKUp.png]
[g2.alipay.com/tutorial/theme.html]
[as.alipayobjects.com/g/datavis/g-plugin-map/1.1.0/index.js]
[os.alipayobjects.com/rmsportal/UBXCMkzNVlaZYNs.css]
[as.alipayobjects.com/g/datavis/g-plugin-range/0.0.6/index.js]
[g2.alipay.com/api/plugins.html]
[as.alipayobjects.com/g/datavis/g2-static/0.0.6/nav-menu.js]
[g2.alipay.com/tutorial/index-2.html]
[t.alipayobjects.com/images/T14YRoXXRbXXXXXXXX.png]
[g2.alipay.com/tutorial/components.html]
[os.alipayobjects.com/rmsportal/jcdhWdwDzcLOZsw.png]
[g2.alipay.com/tutorial/g2grammar.html]
[os.alipayobjects.com/rmsportal/QgoWyCcbPKsbVWd.png]
[g2.alipay.com/tutorial/chart.html]
[g2.alipay.com/tutorial/data.html]
[gtms01.alicdn.com/tps/i1/TB1BoZVIpXXXXbYXpXXoSB1JVXX-1142-724.png]
[g2.alipay.com/tutorial/scale.html]
[g2.alipay.com/tutorial/stat.html]
[t.alipayobjects.com/images/T1LnRoXipaXXXXXXXX.png]
[os.alipayobjects.com/rmsportal/jJmlfYPzbbkVYwk.png]
[os.alipayobjects.com/rmsportal/JdZRXfEQnaGXcGy.png]
[os.alipayobjects.com/rmsportal/lhxUtZmyGQnAstV.png]
[os.alipayobjects.com/rmsportal/vLtiQJstgqKjgQY.png]
[g2.alipay.com/tutorial/attr.html]
[g2.alipay.com/tutorial/geom.html]
[gtms04.alicdn.com/tps/i4/TB123MPIpXXXXaYXFXXGYnnMVXX-818-746.png]
[g2.alipay.com/tutorial/coord.html]
[g2.alipay.com/tutorial/axis.html]
[g2.alipay.com/tutorial/legend.html]
[t.alipayobjects.com/images/T1ceJoXm8cXXXXXXXX.png]
[g2.alipay.com/tutorial/tooltip.html]
[gtms02.alicdn.com/tps/i2/TB1ZVTHIVXXXXanXpXXdoz7FXXX-1980-962.png]
[g2.alipay.com/tutorial/guide.html]
[g2.alipay.com/tutorial/facet.html]
[g2.alipay.com/tutorial/global.html]
[gtms02.alicdn.com/tps/i2/TB1uc7wIpXXXXb7XFXX39Un9pXX-1228-700.png]
[g2.alipay.com/tutorial/flow.html]
[g2.alipay.com/api/index-2.html]
[g2.alipay.com/api/geom.html]
[g2.alipay.com/api/scale.html]
[g2.alipay.com/api/frame.html]
[g2.alipay.com/api/stat.html]
[g2.alipay.com/api/global.html]
[g2.alipay.com/api/theme.html]
[g2.alipay.com/api/util.html]
[g2.alipay.com/api/graphic.html]
[t.alipayobjects.com/images/T1yzpnXc8dXXXXXXXX.png]
[t.alipayobjects.com/images/T1ay8nXgBeXXXXXXXX.png]
[as.alipayobjects.com/g/datavis/g2-static/0.0.6/codemirror-compressed.js]
[as.alipayobjects.com/g/datavis/g2-static/0.0.6/clipboard.min.js]
[g2.alipay.com/demo/02-line/line.html]
[as.alipayobjects.com/g/datavis/g2-static/0.0.6/demo-detail.js]
[g2.alipay.com/demo/13-polar/polar-interval.html]
[g2.alipay.com/demo/13-polar/polar-box.html]
[g2.alipay.com/demo/05-pie/pie-no-stat.html]
[g2.alipay.com/demo/10-map/world-albers.html]
[g2.alipay.com/download/index-2.html]
[g2.alipay.com/download/changelog.html]
[g2.alipay.com/demo/01-point/scatter.html]
[g2.alipay.com/demo/01-point/bubble.html]
[g2.alipay.com/demo/01-point/scatter-with-axis-range.html]
[g2.alipay.com/demo/01-point/custom-color.html]
[g2.alipay.com/demo/01-point/linear.html]
[g2.alipay.com/demo/01-point/one-dodge.html]
[g2.alipay.com/demo/01-point/one-jitter.html]
[g2.alipay.com/demo/01-point/two-jitter.html]
[g2.alipay.com/demo/01-point/cat-linear.html]
[g2.alipay.com/demo/02-line/path.html]
[g2.alipay.com/demo/02-line/step-line.html]
[g2.alipay.com/demo/02-line/line-smooth.html]
[g2.alipay.com/demo/02-line/line-dot.html]
[g2.alipay.com/demo/02-line/line-spline.html]
[g2.alipay.com/demo/03-area/area.html]
[g2.alipay.com/demo/03-area/area-stack.html]
[g2.alipay.com/demo/03-area/area-percent.html]
[g2.alipay.com/demo/03-area/area-smooth.html]
[g2.alipay.com/demo/03-area/area-range.html]
[g2.alipay.com/demo/03-area/area-range-line.html]
[g2.alipay.com/demo/03-area/area-gradient.html]
[g2.alipay.com/demo/03-area/area-null.html]
[g2.alipay.com/demo/03-area/area-with-negative.html]
[g2.alipay.com/demo/04-column/column.html]
[g2.alipay.com/demo/04-column/bar.html]
[g2.alipay.com/demo/04-column/column-dodge.html]
[g2.alipay.com/demo/04-column/column-stack.html]
[g2.alipay.com/demo/04-column/column-percent.html]
[g2.alipay.com/demo/04-column/bar-dodge.html]
[g2.alipay.com/demo/04-column/column-line.html]
[g2.alipay.com/demo/04-column/range-bar.html]
[g2.alipay.com/demo/04-column/bar-negative.html]
[g2.alipay.com/demo/04-column/tick.html]
[g2.alipay.com/demo/04-column/column-bullet.html]
[g2.alipay.com/demo/04-column/symmetric.html]
[g2.alipay.com/demo/05-pie/pie.html]
[g2.alipay.com/demo/05-pie/donut.html]
[g2.alipay.com/demo/05-pie/rose.html]
[g2.alipay.com/demo/05-pie/pie-half.html]
[g2.alipay.com/demo/05-pie/pie-proportion.html]
[g2.alipay.com/demo/05-pie/cascade.html]
[g2.alipay.com/demo/06-k/k-chart.html]
[g2.alipay.com/demo/07-funnel/funnel.html]
[g2.alipay.com/demo/07-funnel/funnel-mirror.html]
[g2.alipay.com/demo/07-funnel/pyramid.html]
[g2.alipay.com/demo/07-funnel/funnel-des.html]
[g2.alipay.com/demo/08-heatmap/heatmap.html]
[g2.alipay.com/demo/08-heatmap/subway.html]
[g2.alipay.com/demo/08-heatmap/stock-calendar.html]
[g2.alipay.com/demo/08-heatmap/image.html]
[g2.alipay.com/demo/08-heatmap/map-with-heatmap.html]
[g2.alipay.com/demo/09-treemap/one.html]
[g2.alipay.com/demo/09-treemap/children.html]
[g2.alipay.com/demo/09-treemap/mobile.html]
[g2.alipay.com/demo/09-treemap/mobile-children.html]
[g2.alipay.com/demo/09-treemap/polar.html]
[g2.alipay.com/demo/09-treemap/polar-slice-dice.html]
[g2.alipay.com/demo/09-treemap/polar-slice-transpose.html]
[g2.alipay.com/demo/09-treemap/wheel.html]
[g2.alipay.com/demo/10-map/china-map.html]
[g2.alipay.com/demo/10-map/choropleth-map.html]
[g2.alipay.com/demo/10-map/map-with-bubble.html]
[g2.alipay.com/demo/10-map/usa-map.html]
[g2.alipay.com/demo/10-map/world-map.html]
[g2.alipay.com/demo/10-map/china-albers.html]
[g2.alipay.com/demo/10-map/world-mercator.html]
[g2.alipay.com/demo/11-radar/radar.html]
[g2.alipay.com/demo/11-radar/radar-stacked-percent-area.html]
[g2.alipay.com/demo/11-radar/radar-line.html]
[g2.alipay.com/demo/11-radar/radar-multiple.html]
[g2.alipay.com/demo/12-gauges/dash-board.html]
[g2.alipay.com/demo/12-gauges/clock.html]
[g2.alipay.com/demo/12-gauges/clock-facet.html]
[g2.alipay.com/demo/13-polar/polar-mixture.html]
[g2.alipay.com/demo/13-polar/wind-rose.html]
[g2.alipay.com/demo/13-polar/pizza.html]
[g2.alipay.com/demo/13-polar/polar-custom.html]
[g2.alipay.com/demo/14-other/box-plot.html]
[g2.alipay.com/demo/14-other/chart-event.html]
[g2.alipay.com/demo/14-other/radial-bar.html]
[g2.alipay.com/demo/14-other/double-axis.html]
[g2.alipay.com/demo/14-other/his.html]
[g2.alipay.com/demo/14-other/hot-hex.html]
[g2.alipay.com/demo/14-other/mi.html]
[g2.alipay.com/demo/14-other/multiple.html]
[g2.alipay.com/demo/14-other/contour.html]
[g2.alipay.com/demo/14-other/stem-leaf.html]
[g2.alipay.com/demo/14-other/text-lable.html]
[g2.alipay.com/demo/14-other/waterfall.html]
[g2.alipay.com/demo/14-other/regressioncurve.html]
[g2.alipay.com/demo/14-other/distributioncurve.html]
[g2.alipay.com/demo/15-facet/rect.html]
[g2.alipay.com/demo/15-facet/circle.html]
[g2.alipay.com/demo/15-facet/row.html]
[g2.alipay.com/demo/15-facet/column.html]
[g2.alipay.com/demo/15-facet/list.html]
[g2.alipay.com/demo/15-facet/tree-column.html]
[g2.alipay.com/demo/15-facet/tree-dot.html]
[g2.alipay.com/demo/15-facet/tree-m.html]
[g2.alipay.com/demo/15-facet/tree-pie.html]
[g2.alipay.com/demo/15-facet/mirror-transpose.html]
[g2.alipay.com/demo/15-facet/mirror.html]
[g2.alipay.com/demo/16-stat/min.html]
[g2.alipay.com/demo/16-stat/max.html]
[g2.alipay.com/demo/16-stat/sum.html]
[g2.alipay.com/demo/16-stat/range.html]
[g2.alipay.com/demo/16-stat/mean.html]
[g2.alipay.com/demo/16-stat/median.html]
[g2.alipay.com/demo/16-stat/sd.html]
[g2.alipay.com/demo/16-stat/mode.html]
[g2.alipay.com/demo/16-stat/count.html]
[g2.alipay.com/demo/16-stat/proportion.html]
[g2.alipay.com/demo/16-stat/percent.html]
[g2.alipay.com/demo/16-stat/accumulate.html]
[g2.alipay.com/demo/16-stat/bin-dot.html]
[g2.alipay.com/demo/16-stat/bin-hex.html]
[g2.alipay.com/demo/16-stat/bin-rect.html]
[g2.alipay.com/demo/16-stat/bin-quan.html]
[g2.alipay.com/demo/16-stat/smooth.html]
[g2.alipay.com/demo/16-stat/smooth-two.html]
[g2.alipay.com/demo/16-stat/smooth-cubic.html]
[g2.alipay.com/demo/16-stat/smooth-exp.html]
[g2.alipay.com/demo/16-stat/smooth-loess.html]
[g2.alipay.com/demo/16-stat/loess.html]
[g2.alipay.com/demo/16-stat/density-kernel.html]
[g2.alipay.com/demo/16-stat/density.html]
[g2.alipay.com/demo/16-stat/density-normal.html]
[g2.alipay.com/demo/16-stat/spread-range.html]
[g2.alipay.com/demo/16-stat/spread-sd.html]
[as.alipayobjects.com/g/datavis/g2-static/0.0.6/jquery.lazyload.js]
[os.alipayobjects.com/rmsportal/SckjzGWXMPpUaKP.svg]
[a.alipayobjects.com/alipay-request/3.0.3/index.js]
[as.alipayobjects.com/g/datavis/g-plugin-map/1.1.0/index.js]
[g.alicdn.com/bui/bui/1.1.21/css/bs3/bui.css]
[t.alipayobjects.com/images/rmsweb/T1YohhXd4bXXXXXXXX.png]
[os.alipayobjects.com/rmsportal/UBXCMkzNVlaZYNs.css]
[as.alipayobjects.com/g/datavis/g-plugin-range/0.0.6/index.js]
[as.alipayobjects.com/g/datavis/g2-static/0.0.6/doc.css]
[as.alipayobjects.com/g/datavis/g2-static/0.0.6/codemirror-compressed.js]
[as.alipayobjects.com/g/datavis/g2-static/0.0.6/clipboard.min.js]
[as.alipayobjects.com/g/datavis/g2-static/0.0.6/demo-detail.js]
[g.alicdn.com/bui/bui/1.1.21/img/menu-500-188.png]
[g.alicdn.com/bui/bui/1.1.21/img/separator-2-340.gif]
[g.alicdn.com/bui/bui/1.1.21/img/tab-140-120.gif]
[g.alicdn.com/bui/bui/1.1.21/img/check_icon-100-100.gif]
[g.alicdn.com/bui/bui/1.1.21/img/radio_icon-64-40.gif]
[g.alicdn.com/bui/bui/1.1.21/img/table-191-450.gif]
[g.alicdn.com/bui/bui/1.1.21/img/load-16-16.gif]
[g.alicdn.com/bui/bui/1.1.21/img/calendar-200-300.gif]
[g.alicdn.com/bui/bui/1.1.21/img/sprite-469-300.png]
[g.alicdn.com/bui/bui/1.1.21/css/bs3/bui.css]
[g.alicdn.com/bui/bui/1.1.21/img/tree_icon-80-100.gif]
[024028.oss-cn-hangzhou-zmf.aliyuncs.com/uploads/datavis/g2/d2984e6f74fd30d0d0ff7ec3922f5976/image.png]
[024028.oss-cn-hangzhou-zmf.aliyuncs.com/uploads/datavis/g2/46a30a41f85f1d26713285b82c1b4ba8/image.png]
[024028.oss-cn-hangzhou-zmf.aliyuncs.com/uploads/datavis/g2/8ea21c38fe025cc9d92169a265003842/image.png]
[024028.oss-cn-hangzhou-zmf.aliyuncs.com/uploads/datavis/g2/7591dd5c4cc4278fa7e758c906eb404b/image.png]
