[antv.alipay.com/index.html]
[backblue.gif]
[fade.gif]
[index.html]
[os.alipayobjects.com/rmsportal/kCUUeaMNGufqiDT.css]
[os.alipayobjects.com/rmsportal/AiATVwcMTMRLdsC.css]
[os.alipayobjects.com/rmsportal/gSINRNOdIGZOoDy40b1.css]
[os.alipayobjects.com/rmsportal/IhIZKOLdgNgzlaj.png]
[a.alipayobjects.com/jquery/jquery/1.11.1/jquery.js]
[os.alipayobjects.com/rmsportal/WXhljTcHlRAkjAu.js]
[as.alipayobjects.com/g/datavis/g2/1.2.1/index.js]
[os.alipayobjects.com/rmsportal/fLJXnXtkilXPVeT.js]
[a.alipayobjects.com/alipay-request/3.0.3/index.js]
[antv.alipay.com/about/index.html]
[antv.alipay.com/design/index.html]
[antv.alipay.com/chart/index.html]
[antv.alipay.com/design/rule/base/title.html]
[antv.alipay.com/design/rule/base/grid.html]
[antv.alipay.com/design/principle/color.html]
[antv.alipay.com/design/rule/base/tooltip.html]
[antv.alipay.com/design/rule/base/axis.html]
[antv.alipay.com/index.html]
[os.alipayobjects.com/rmsportal/kCUUeaMNGufqiDT.css]
[os.alipayobjects.com/rmsportal/AiATVwcMTMRLdsC.css]
[os.alipayobjects.com/rmsportal/nGFyCGHAblMWsYE.js]
[os.alipayobjects.com/rmsportal/iRorYNjzeaNMCFA.png]
[os.alipayobjects.com/rmsportal/psIOTmKUqApdLvZ.jpg]
[os.alipayobjects.com/rmsportal/nDZeKrSqFbeENQg.jpg]
[os.alipayobjects.com/rmsportal/gSINRNOdIGZOoDy40b1.css]
[os.alipayobjects.com/rmsportal/IYGfmuwwtZzPpHJ.png]
[a.alipayobjects.com/jquery/jquery/1.11.1/jquery.js]
[os.alipayobjects.com/rmsportal/WXhljTcHlRAkjAu.js]
[as.alipayobjects.com/g/datavis/g2/1.2.1/index.js]
[os.alipayobjects.com/rmsportal/fLJXnXtkilXPVeT.js]
[a.alipayobjects.com/alipay-request/3.0.3/index.js]
[os.alipayobjects.com/rmsportal/nbvqDjRaAhkxDmz.png]
[os.alipayobjects.com/rmsportal/rqbItkiZdYHjqhW.png]
[os.alipayobjects.com/rmsportal/MlEiDtwPFuTixXu.jpg]
[os.alipayobjects.com/rmsportal/wPDrLlZLEHKfarB.jpg]
[os.alipayobjects.com/rmsportal/NmkxCCqeYIsfJui.jpg]
[os.alipayobjects.com/rmsportal/hgesdKeIQDKfXGv.jpg]
[os.alipayobjects.com/rmsportal/zeCshyhkmuTYiZZ.jpg]
[os.alipayobjects.com/rmsportal/ooZesNUlbKgETPY.jpg]
[os.alipayobjects.com/rmsportal/TwXxUwLHvvhveIz.jpg]
[os.alipayobjects.com/rmsportal/CcFeLxXurbQmwrT.jpg]
[antv.alipay.com/about/index.html]
[antv.alipay.com/design/rule/assist/baseline.html]
[antv.alipay.com/design/rule/assist/referline.html]
[antv.alipay.com/design/rule/assist/valuedisplayed.html]
[antv.alipay.com/design/rule/assist/otherassist.html]
[antv.alipay.com/design/rule/base/legend.html]
[antv.alipay.com/design/rule/func/rangeselect.html]
[antv.alipay.com/design/rule/func/liveupdate.html]
[antv.alipay.com/design/rule/func/responsive.html]
[antv.alipay.com/design/index.html]
[antv.alipay.com/chart/classify/compare.html]
[antv.alipay.com/chart/classify/relation.html]
[antv.alipay.com/chart/classify/trend.html]
[antv.alipay.com/chart/classify/distribute.html]
[antv.alipay.com/chart/classify/path.html]
[antv.alipay.com/chart/classify/location.html]
[antv.alipay.com/chart/classify/range.html]
[antv.alipay.com/chart/classify/time.html]
[antv.alipay.com/chart/classify/combine.html]
[antv.alipay.com/chart/index.html]
[antv.alipay.com/chart/classify/flow.html]
[os.alipayobjects.com/rmsportal/ARTZLHNNzAcilBJ.png]
[os.alipayobjects.com/rmsportal/LNjHlYROvUlrZpQ.png]
[os.alipayobjects.com/rmsportal/DQuIhqjnKHbprKw.png]
[antv.alipay.com/design/rule/base/title.html]
[os.alipayobjects.com/rmsportal/IoZqbzMLMGYBtnE.png]
[os.alipayobjects.com/rmsportal/iVFDpumcwDYaxkd.png]
[os.alipayobjects.com/rmsportal/MqeyJCwnaXmwXGz.png]
[os.alipayobjects.com/rmsportal/NwYkNkBdCUvSTut.png]
[os.alipayobjects.com/rmsportal/egDFNrjVMEkuALr.png]
[antv.alipay.com/design/rule/base/grid.html]
[os.alipayobjects.com/rmsportal/ADjAzXoSoXAbyEA.png]
[os.alipayobjects.com/rmsportal/qBmJjXwCrcJgWQH.png]
[os.alipayobjects.com/rmsportal/ezxGJHeyJUjDqJV.png]
[os.alipayobjects.com/rmsportal/ocBUSJeXFGBjUgo.png]
[os.alipayobjects.com/rmsportal/OoeDpGwgQeDxCAd.png]
[os.alipayobjects.com/rmsportal/NFYgbNKVhBWmOvI.png]
[os.alipayobjects.com/rmsportal/zqUrlzDCtLBUdSQ.png]
[antv.alipay.com/design/principle/color.html]
[os.alipayobjects.com/rmsportal/WtihdCABEDcosNK.png]
[os.alipayobjects.com/rmsportal/XVaexeDOMucRolw.png]
[os.alipayobjects.com/rmsportal/ydLJFPAsUOZOEat.png]
[antv.alipay.com/design/rule/base/tooltip.html]
[os.alipayobjects.com/rmsportal/GBYJJvdbXzcaJQy.png]
[os.alipayobjects.com/rmsportal/oXakuqsDZabBZpz.png]
[os.alipayobjects.com/rmsportal/lJWTfKFHGlOpAeu.png]
[os.alipayobjects.com/rmsportal/sFVpInOHkWMSoSC.png]
[os.alipayobjects.com/rmsportal/ckQogRzBNHMroHQ.png]
[os.alipayobjects.com/rmsportal/jNBBuzljUvfLdmj.png]
[os.alipayobjects.com/rmsportal/pymwKrwMNtIgKeR.png]
[os.alipayobjects.com/rmsportal/DmpmiJyxTIvrCLJ.png]
[os.alipayobjects.com/rmsportal/OuMHUhgaJoRizUI.png]
[os.alipayobjects.com/rmsportal/YdCGQhDmkqNQpuE.png]
[os.alipayobjects.com/rmsportal/pYmNqDQMQHplluV.png]
[antv.alipay.com/design/rule/base/axis.html]
[os.alipayobjects.com/rmsportal/BSkIfxrcDvZAfaW.png]
[os.alipayobjects.com/rmsportal/nGFyCGHAblMWsYE.js]
[at.alicdn.com/t/font_1453266614_4453435.svg]
[os.alipayobjects.com/rmsportal/TtYfnEJBOjnJLAw.svg]
[os.alipayobjects.com/rmsportal/XAZlUpWmkzNrjXu.png]
[os.alipayobjects.com/rmsportal/yVwgdGpeySymCor.png]
[os.alipayobjects.com/rmsportal/SvUDVQezHwBLIro.png]
[os.alipayobjects.com/rmsportal/CXXXsoBAAOuMPVZ.png]
[os.alipayobjects.com/rmsportal/jqTmHmqkLBClDRo.png]
[antv.alipay.com/design/rule/assist/baseline.html]
[os.alipayobjects.com/rmsportal/alOSBYGAPukzpMl.png]
[os.alipayobjects.com/rmsportal/IvOIXcbInyHcXux.png]
[antv.alipay.com/design/rule/assist/referline.html]
[os.alipayobjects.com/rmsportal/IvqZnkvOVjaRnbe.png]
[os.alipayobjects.com/rmsportal/xPXraIgliSWhRWj.png]
[os.alipayobjects.com/rmsportal/hoGMVOjOSbCXYFF.png]
[os.alipayobjects.com/rmsportal/zhDPtBceVloyBLs.png]
[antv.alipay.com/design/rule/assist/valuedisplayed.html]
[os.alipayobjects.com/rmsportal/kgNelpNxINLNCPP.png]
[os.alipayobjects.com/rmsportal/GQvupAZCyixskwH.png]
[os.alipayobjects.com/rmsportal/zndZkKmNfcGGvRo.png]
[os.alipayobjects.com/rmsportal/GZDaSKbdPrrRIVP.png]
[antv.alipay.com/design/rule/assist/otherassist.html]
[os.alipayobjects.com/rmsportal/mztJVFGCjDsWFXr.png]
[os.alipayobjects.com/rmsportal/VligktYgvHvYwwP.png]
[os.alipayobjects.com/rmsportal/IgzxuuGNPqKzunw.png]
[os.alipayobjects.com/rmsportal/lbcRCSZIjjKWQeS.png]
[os.alipayobjects.com/rmsportal/FKJrYtKnSOjmOCU.png]
[os.alipayobjects.com/rmsportal/LYMeTcRzphvJIBj.png]
[os.alipayobjects.com/rmsportal/WKlltzkuVmqRhOC.png]
[os.alipayobjects.com/rmsportal/lFXLenMKpnLdTey.png]
[os.alipayobjects.com/rmsportal/RkyiklMEVHdWtha.png]
[antv.alipay.com/design/rule/base/legend.html]
[os.alipayobjects.com/rmsportal/aLltSGuHtEcYJMh.png]
[os.alipayobjects.com/rmsportal/dNLnhamCWsJmzRA.png]
[os.alipayobjects.com/rmsportal/YErnDudFQiOKozi.png]
[os.alipayobjects.com/rmsportal/GlvschJQetpAPKc.png]
[os.alipayobjects.com/rmsportal/nnmBKEGzIGBkpDj.png]
[antv.alipay.com/design/rule/func/rangeselect.html]
[os.alipayobjects.com/rmsportal/PIGyAqjqmCsWzUA.png]
[antv.alipay.com/design/rule/func/liveupdate.html]
[os.alipayobjects.com/rmsportal/MdYCjKvFCuzqOOM.png]
[antv.alipay.com/design/rule/func/responsive.html]
[os.alipayobjects.com/rmsportal/zGlgvqfnqXDqdFk.png]
[os.alipayobjects.com/rmsportal/DVpGggpvkYqADdg.svg]
[antv.alipay.com/chart/details/bar.html]
[antv.alipay.com/chart/details/stacked-bar.html]
[antv.alipay.com/chart/details/multi-set-bar.html]
[antv.alipay.com/chart/details/pie.html]
[antv.alipay.com/chart/details/donut-chart.html]
[antv.alipay.com/chart/details/histogram.html]
[antv.alipay.com/chart/details/rose.html]
[antv.alipay.com/chart/details/area.html]
[antv.alipay.com/chart/details/stacked-area.html]
[antv.alipay.com/chart/details/line.html]
[antv.alipay.com/chart/details/bubble-chart.html]
[antv.alipay.com/chart/details/scatter-plot.html]
[antv.alipay.com/chart/details/radar-chart.html]
[antv.alipay.com/chart/details/choropleth-map.html]
[antv.alipay.com/chart/details/bubble-map.html]
[antv.alipay.com/chart/details/funnel.html]
[antv.alipay.com/chart/details/mosaic.html]
[antv.alipay.com/chart/details/color-map.html]
[antv.alipay.com/chart/details/treemap.html]
[antv.alipay.com/chart/classify/compare.html]
[antv.alipay.com/chart/classify/relation.html]
[antv.alipay.com/chart/details/stem-leaf.html]
[antv.alipay.com/chart/details/k-chart.html]
[antv.alipay.com/chart/details/regressioncurve.html]
[antv.alipay.com/chart/classify/trend.html]
[antv.alipay.com/chart/details/boxplot.html]
[antv.alipay.com/chart/details/dot-map.html]
[antv.alipay.com/chart/details/heatmap.html]
[antv.alipay.com/chart/classify/distribute.html]
[antv.alipay.com/chart/classify/path.html]
[antv.alipay.com/chart/classify/location.html]
[antv.alipay.com/chart/details/distributioncurve.html]
[antv.alipay.com/chart/classify/range.html]
[antv.alipay.com/chart/classify/time.html]
[antv.alipay.com/chart/classify/combine.html]
[antv.alipay.com/chart/classify/flow.html]
[antv.alipay.com/Version/index.html]
[antv.alipay.com/chart/details/gauge.html]
[os.alipayobjects.com/rmsportal/plYGbgHxHvwbRGu.jpg]
[os.alipayobjects.com/rmsportal/vPIGfeGBMiSOMdw.png]
[os.alipayobjects.com/rmsportal/GKHcMOgXwrnDSAa.png]
[antv.alipay.com/chart/details/bar.html]
[os.alipayobjects.com/rmsportal/CpBYrdxsYGIpnYq.jpg]
[os.alipayobjects.com/rmsportal/IRcNZGQBfHwTzRa.png]
[os.alipayobjects.com/rmsportal/TRsMVRQJVBLOYfx.png]
[antv.alipay.com/chart/details/stacked-bar.html]
[os.alipayobjects.com/rmsportal/JKWwZiTPusAHqMg.jpg]
[antv.alipay.com/chart/details/multi-set-bar.html]
[os.alipayobjects.com/rmsportal/YzQNmhrLsOTZLfd.png]
[t.alipayobjects.com/images/T11ydjXg8jXXXXXXXX.png]
[t.alipayobjects.com/images/T19QdjXcFaXXXXXXXX.png]
[antv.alipay.com/chart/details/pie.html]
[os.alipayobjects.com/rmsportal/LviFnOknmSGUCHZ.png]
[os.alipayobjects.com/rmsportal/mlFSJKDawodypht.png]
[antv.alipay.com/chart/details/donut-chart.html]
[os.alipayobjects.com/rmsportal/izrRumlsCmsDLSb.jpg]
[os.alipayobjects.com/rmsportal/rDGZziKoqcGqXaj.png]
[os.alipayobjects.com/rmsportal/ZmewPQkvLvoHAzq.png]
[antv.alipay.com/chart/details/histogram.html]
[os.alipayobjects.com/rmsportal/nstvbQupOcPOzIw.jpg]
[t.alipayobjects.com/images/T1f7djXhBXXXXXXXXX.png]
[os.alipayobjects.com/rmsportal/TOgglRUjlKAxoZh.png]
[antv.alipay.com/chart/details/rose.html]
[os.alipayobjects.com/rmsportal/nkiIDyezJdjrZeZ.jpg]
[t.alipayobjects.com/images/T1OPXjXb4gXXXXXXXX.png]
[antv.alipay.com/chart/details/area.html]
[os.alipayobjects.com/rmsportal/TYxCcNYhDgXdQed.jpg]
[t.alipayobjects.com/images/T1g54jXlXhXXXXXXXX.png]
[antv.alipay.com/chart/details/stacked-area.html]
[os.alipayobjects.com/rmsportal/VVPAIRTNYwbbZut.jpg]
[antv.alipay.com/chart/details/line.html]
[t.alipayobjects.com/images/T1c7djXjhXXXXXXXXX.png]
[as.alipayobjects.com/g/datavis/g-plugin-map/1.1.0/index.js]
[os.alipayobjects.com/rmsportal/TyzWQNPpfrsNAKH.jpg]
[t.alipayobjects.com/images/T1jixjXhdkXXXXXXXX.png]
[antv.alipay.com/chart/details/bubble-chart.html]
[os.alipayobjects.com/rmsportal/EFRpgfUCANawLBP.jpg]
[t.alipayobjects.com/images/T1xypjXj4bXXXXXXXX.png]
[t.alipayobjects.com/images/T1wy8jXnlgXXXXXXXX.png]
[antv.alipay.com/chart/details/scatter-plot.html]
[os.alipayobjects.com/rmsportal/DLgjgcpcRbaZIfQ.jpg]
[os.alipayobjects.com/rmsportal/xeuEDbQyDWZngob.png]
[os.alipayobjects.com/rmsportal/pQDJLaWnSQrQhii.png]
[antv.alipay.com/chart/details/radar-chart.html]
[t.alipayobjects.com/images/T1G4djXeVfXXXXXXXX.png]
[t.alipayobjects.com/images/T1dSNjXcNhXXXXXXXX.png]
[antv.alipay.com/chart/details/choropleth-map.html]
[t.alipayobjects.com/images/T1exRjXb4XXXXXXXXX.png]
[t.alipayobjects.com/images/T1yxpjXnVfXXXXXXXX.png]
[antv.alipay.com/chart/details/bubble-map.html]
[t.alipayobjects.com/images/rmsweb/T1kMJiXaJiXXXXXXXX.png]
[os.alipayobjects.com/rmsportal/eArJFAYwiiFeJpk.png]
[antv.alipay.com/chart/details/funnel.html]
[os.alipayobjects.com/rmsportal/RZHQLIeAADdaBTe.png]
[os.alipayobjects.com/rmsportal/RKlgDYrPsNzxKHt.png]
[t.alipayobjects.com/images/rmsweb/T1B.0iXcxfXXXXXXXX.png]
[os.alipayobjects.com/rmsportal/dgapeCddSVPhTgU.png]
[antv.alipay.com/chart/details/mosaic.html]
[os.alipayobjects.com/rmsportal/dCgVzFLjenQsgWT.png]
[os.alipayobjects.com/rmsportal/nbdQjrGfLveruGA.png]
[os.alipayobjects.com/rmsportal/KuYPevLQPaKCwUQ.png]
[antv.alipay.com/chart/details/color-map.html]
[os.alipayobjects.com/rmsportal/FnvUGbKsEPqztPm.jpg]
[antv.alipay.com/chart/details/treemap.html]
[os.alipayobjects.com/rmsportal/VmNFvGKUweJEykK.png]
[t.alipayobjects.com/images/rmsweb/T1XwFjXaRiXXXXXXXX.png]
[antv.alipay.com/chart/details/stem-leaf.html]
[os.alipayobjects.com/rmsportal/MStSmyHgGeUbJJi.png]
[os.alipayobjects.com/rmsportal/UCqFUhWcZgDJsDH.png]
[t.alipayobjects.com/images/T1FtFkXXXlXXXXXXXX.png]
[t.alipayobjects.com/images/T1cLlkXklXXXXXXXXX.png]
[os.alipayobjects.com/rmsportal/UBXCMkzNVlaZYNs.css]
[as.alipayobjects.com/g/datavis/g-plugin-range/0.0.6/index.js]
[antv.alipay.com/chart/details/k-chart.html]
[t.alipayobjects.com/images/T1cj0kXcpeXXXXXXXX.png]
[t.alipayobjects.com/images/T1r7pkXjRbXXXXXXXX.png]
[t.alipayobjects.com/images/T1OP0kXcpeXXXXXXXX.png]
[antv.alipay.com/chart/details/regressioncurve.html]
[t.alipayobjects.com/images/T192XkXiJmXXXXXXXX.png]
[antv.alipay.com/chart/details/boxplot.html]
[t.alipayobjects.com/images/T14e0kXoNnXXXXXXXX.png]
[t.alipayobjects.com/images/T1txXjXaVfXXXXXXXX.png]
[t.alipayobjects.com/images/T1i_JjXk8bXXXXXXXX.png]
[t.alipayobjects.com/images/T1C9BjXXJiXXXXXXXX.png]
[antv.alipay.com/chart/details/dot-map.html]
[os.alipayobjects.com/rmsportal/JeleDrjVnkyfPpS.png]
[os.alipayobjects.com/rmsportal/XKeijYcqHgbSLHN.png]
[os.alipayobjects.com/rmsportal/dbxsqRSCIYXcEeW.png]
[t.alipayobjects.com/images/rmsweb/T1lhpiXkpfXXXXXXXX.png]
[antv.alipay.com/chart/details/heatmap.html]
[t.alipayobjects.com/images/T1BjJkXcxgXXXXXXXX.png]
[antv.alipay.com/chart/details/distributioncurve.html]
[t.alipayobjects.com/images/T1AjNkXjNfXXXXXXXX.png]
[t.alipayobjects.com/images/rmsweb/T184NiXaNcXXXXXXXX.png]
[t.alipayobjects.com/images/rmsweb/T1nLXiXaxeXXXXXXXX.png]
[antv.alipay.com/chart/details/gauge.html]
[as.alipayobjects.com/g/datavis/g-plugin-map/1.1.0/index.js]
[t.alipayobjects.com/images/rmsweb/T1YohhXd4bXXXXXXXX.png]
[os.alipayobjects.com/rmsportal/UBXCMkzNVlaZYNs.css]
[as.alipayobjects.com/g/datavis/g-plugin-range/0.0.6/index.js]
